     1 00000000                                 [FORMAT "WCOFF"]
     2 00000000                                 [INSTRSET "i486p"]
     3 00000000                                 [BITS 32]
     4 00000000                                 [FILE "api028.nas"]
     5 00000000                                 
     6 00000000                                 		GLOBAL	_port_read
     7 00000000                                 
     8                                          [SECTION .text]
     9 00000000                                 
    10 00000000                                 _port_read:		; int api_getlang(void);
    11 00000000 8B 7C 24 04                     		MOV		EDI,[ESP + 4]
    12 00000004 8B 74 24 08                     		MOV		ESI,[ESP + 8]
    13 00000008 8B 6C 24 0C                     		MOV		EBP,[ESP + 12]
    14 0000000C BA 0000001D                     		MOV		EDX,29
    15 00000011 CD 40                           		INT		0x40
    16 00000013 C3                              		RET
